// Jest Snapshot v1, https://goo.gl/fbAQLP

exports[`takes snapshot 1`] = `
<View
  style={
    Object {
      "flex": 1,
    }
  }
>
  <View
    style={
      Object {
        "backgroundColor": "#14402160",
        "flex": 1,
        "justifyContent": "center",
      }
    }
  >
    <TextInput
      allowFontScaling={true}
      onChangeText={[Function]}
      placeholder="enter restaurant name"
      rejectResponderTermination={true}
      style={
        Object {
          "borderBottomColor": "blue",
          "borderBottomWidth": 2,
          "height": 30,
          "margin": 10,
          "width": "95%",
        }
      }
      underlineColorAndroid="transparent"
      value={null}
    />
    <TextInput
      allowFontScaling={true}
      onChangeText={[Function]}
      placeholder="enter dish name"
      rejectResponderTermination={true}
      style={
        Object {
          "borderBottomColor": "blue",
          "borderBottomWidth": 2,
          "height": 30,
          "margin": 10,
          "width": "95%",
        }
      }
      underlineColorAndroid="transparent"
      value={null}
    />
    <View
      accessibilityRole="button"
      accessibilityState={Object {}}
      accessible={true}
      focusable={true}
      onClick={[Function]}
      onResponderGrant={[Function]}
      onResponderMove={[Function]}
      onResponderRelease={[Function]}
      onResponderTerminate={[Function]}
      onResponderTerminationRequest={[Function]}
      onStartShouldSetResponder={[Function]}
      style={
        Object {
          "opacity": 1,
        }
      }
      testID="addRestaurantBtn"
    >
      <View
        style={
          Array [
            Object {},
          ]
        }
      >
        <Text
          style={
            Array [
              Object {
                "color": "#007AFF",
                "fontSize": 18,
                "margin": 8,
                "textAlign": "center",
              },
            ]
          }
        >
          add restaurant
        </Text>
      </View>
    </View>
  </View>
  <View
    style={
      Object {
        "backgroundColor": "#19902150",
        "flex": 1,
        "justifyContent": "center",
      }
    }
  >
    <Text
      testID="restaurantNameText"
    />
    <Text
      testID="dishNameText"
    />
  </View>
</View>
`;
